 
****************************************
Report : area
Design : SYS_TOP_dft
Version: K-2015.06
Date   : Wed Aug 24 22:13:26 2022
****************************************

Library(s) Used:

    scmetro_tsmc_cl013g_rvt_ss_1p08v_125c (File: /home/IC/Projects/System/Backend/std_cells/libs/scmetro_tsmc_cl013g_rvt_ss_1p08v_125c.db)

Number of ports:                          750
Number of nets:                          2559
Number of cells:                         1791
Number of combinational cells:           1482
Number of sequential cells:               270
Number of macros/black boxes:               0
Number of buf/inv:                        520
Number of references:                      19

Combinational area:              13794.454273
Buf/Inv area:                     3034.709326
Noncombinational area:            9473.611595
Macro/Black Box area:                0.000000
Net Interconnect area:          681663.282379

Total cell area:                 23268.065868
Total area:                     704931.348247

Hierarchical area distribution
------------------------------

                                  Global cell area            Local cell area
                                  -------------------  ----------------------------- 
Hierarchical cell                 Absolute    Percent  Combi-      Noncombi-  Black-
                                  Total       Total    national    national   boxes   Design
--------------------------------  ----------  -------  ----------  ---------  ------  ------------------------------------------------
SYS_TOP_dft                       23268.0659    100.0     20.0039     0.0000  0.0000  SYS_TOP_dft
U0_ALU                             6267.1043     26.9   1633.2596   563.6393  0.0000  ALU_IN_DATA_WIDTH8_OUT_DATA_WIDTH16_test_1
U0_ALU/add_39                       231.8099      1.0    231.8099     0.0000  0.0000  ALU_IN_DATA_WIDTH8_OUT_DATA_WIDTH16_DW01_add_0
U0_ALU/div_57                      1423.8070      6.1   1423.8070     0.0000  0.0000  ALU_IN_DATA_WIDTH8_OUT_DATA_WIDTH16_DW_div_uns_0
U0_ALU/mult_51                     2151.0076      9.2   1908.6074     0.0000  0.0000  ALU_IN_DATA_WIDTH8_OUT_DATA_WIDTH16_DW02_mult_0
U0_ALU/mult_51/FS_1                 242.4002      1.0    242.4002     0.0000  0.0000  ALU_IN_DATA_WIDTH8_OUT_DATA_WIDTH16_DW01_add_1
U0_ALU/sub_45                       263.5808      1.1    263.5808     0.0000  0.0000  ALU_IN_DATA_WIDTH8_OUT_DATA_WIDTH16_DW01_sub_0
U0_CLK_GATE                          21.1806      0.1      0.0000    21.1806  0.0000  CLK_GATE
U0_ClkDiv                           694.2530      3.0    438.9091   255.3439  0.0000  ClkDiv_RATIO_WIDTH6_test_1
U0_RST_SYNC_1                        65.8952      0.3      0.0000    65.8952  0.0000  RST_SYNC_NUM_STAGES2_test_0
U0_RST_SYNC_2                        65.8952      0.3      0.0000    65.8952  0.0000  RST_SYNC_NUM_STAGES2_test_1
U0_Reg_File                        8893.4986     38.2   3831.3353  5062.1633  0.0000  Reg_File_ADDRESS_WIDTH4_DATA_WIDTH8_test_1
U0_SYS_CTRL                        1657.9703      7.1    916.6493   741.3210  0.0000  SYS_CTRL_test_1
U0_UART                            4236.1200     18.2      0.0000     0.0000  0.0000  UART_test_1
U0_UART/U0_UART_Tx                 1259.0690      5.4      0.0000     0.0000  0.0000  UART_Tx_test_1
U0_UART/U0_UART_Tx/U0               257.6973      1.1    105.9030   151.7943  0.0000  UART_Tx_FSM_test_1
U0_UART/U0_UART_Tx/U1               741.3210      3.2    296.5284   444.7926  0.0000  serializer_test_1
U0_UART/U0_UART_Tx/U2               144.7341      0.6    108.2564    36.4777  0.0000  Parity_Calc_test_1
U0_UART/U0_UART_Tx/U3               115.3166      0.5     68.2486    47.0680  0.0000  MUX_8x1_test_1
U0_UART/U1_UART_Rx                 2977.0510     12.8      0.0000     0.0000  0.0000  UART_Rx_test_1
U0_UART/U1_UART_Rx/U0_FSM           959.0105      4.1    808.3929   150.6176  0.0000  UART_Rx_FSM_test_1
U0_UART/U1_UART_Rx/U1_Sampler       557.7558      2.4    448.3227   109.4331  0.0000  data_sampling_test_1
U0_UART/U1_UART_Rx/U2_Deserializer
                                    418.9052      1.8    127.0836   291.8216  0.0000  deserializer_test_1
U0_UART/U1_UART_Rx/U3_Counter       762.5016      3.3    365.9537   396.5479  0.0000  edge_bit_counter_test_1
U0_UART/U1_UART_Rx/U4_Parity        160.0312      0.7    123.5535    36.4777  0.0000  parity_check_test_1
U0_UART/U1_UART_Rx/U5_Start          57.6583      0.2     21.1806    36.4777  0.0000  start_check_test_1
U0_UART/U1_UART_Rx/U6_Stop           61.1884      0.3     24.7107    36.4777  0.0000  stop_check_test_1
U0_bit_synchronizer                  72.9554      0.3      0.0000    72.9554  0.0000  bit_synchronizer_BUS_WIDTH1_NUM_STAGES2_test_0
U0_data_sync_1                      588.3500      2.5    123.5535   340.0663  0.0000  data_synchronizer_BUS_WIDTH8_NUM_STAGES2_test_0
U0_data_sync_1/U0                    72.9554      0.3      0.0000    72.9554  0.0000  bit_synchronizer_BUS_WIDTH1_NUM_STAGES2_test_1
U0_data_sync_1/U1                    51.7748      0.2     15.2971    36.4777  0.0000  pulse_generator_test_0
U0_data_sync_2                      596.5869      2.6    143.5574   328.2993  0.0000  data_synchronizer_BUS_WIDTH8_NUM_STAGES2_test_1
U0_data_sync_2/U0                    72.9554      0.3      0.0000    72.9554  0.0000  bit_synchronizer_BUS_WIDTH1_NUM_STAGES2_test_2
U0_data_sync_2/U1                    51.7748      0.2     15.2971    36.4777  0.0000  pulse_generator_test_1
U0_mux2X1                            15.2971      0.1     15.2971     0.0000  0.0000  mux2X1_0
U1_mux2X1                            15.2971      0.1     15.2971     0.0000  0.0000  mux2X1_5
U2_mux2X1                            15.2971      0.1     15.2971     0.0000  0.0000  mux2X1_4
U3_mux2X1                            15.2971      0.1     15.2971     0.0000  0.0000  mux2X1_3
U4_mux2X1                            15.2971      0.1     15.2971     0.0000  0.0000  mux2X1_2
U5_mux2X1                            11.7670      0.1     11.7670     0.0000  0.0000  mux2X1_1
--------------------------------  ----------  -------  ----------  ---------  ------  ------------------------------------------------
Total                                                  13794.4543  9473.6116  0.0000

1
