 
****************************************
Report : constraint
        -all_violators
Design : SYS_TOP_dft
Version: K-2015.06
Date   : Wed Aug 24 22:13:26 2022
****************************************


   max_transition

                             Required        Actual
   Net                      Transition     Transition        Slack
   -----------------------------------------------------------------
   muxed_rst1 (dont_touch)      1.50          20.60         -19.10  (VIOLATED)
       PIN :   U0_data_sync_1/U0/Q_reg[0][1]/RN     1.50    20.60   -19.10 (VIOLATED)
       PIN :   U0_data_sync_1/U0/Q_reg[0][0]/RN     1.50    20.60   -19.10 (VIOLATED)
       PIN :   U3_mux2X1/U1/Y     1.50        20.60         -19.10  (VIOLATED)
       PIN :   U0_data_sync_1/U1/Q_reg/RN     1.50    20.60   -19.10 (VIOLATED)
       PIN :   U0_SYS_CTRL/write_address_reg[2]/RN     1.50    20.60   -19.10 (VIOLATED)
       PIN :   U0_SYS_CTRL/write_address_reg[1]/RN     1.50    20.60   -19.10 (VIOLATED)
       PIN :   U0_SYS_CTRL/current_state_1_reg[2]/RN     1.50    20.60   -19.10 (VIOLATED)
       PIN :   U0_SYS_CTRL/current_state_1_reg[1]/RN     1.50    20.60   -19.10 (VIOLATED)
       PIN :   U0_SYS_CTRL/TX_P_DATA_reg[5]/RN     1.50    20.60   -19.10 (VIOLATED)
       PIN :   U0_SYS_CTRL/TX_P_DATA_reg[4]/RN     1.50    20.60   -19.10 (VIOLATED)
       PIN :   U0_SYS_CTRL/TX_P_DATA_reg[3]/RN     1.50    20.60   -19.10 (VIOLATED)
       PIN :   U0_SYS_CTRL/TX_P_DATA_reg[2]/RN     1.50    20.60   -19.10 (VIOLATED)
       PIN :   U0_SYS_CTRL/TX_P_DATA_reg[1]/RN     1.50    20.60   -19.10 (VIOLATED)
       PIN :   U0_SYS_CTRL/TX_P_DATA_reg[0]/RN     1.50    20.60   -19.10 (VIOLATED)
       PIN :   U0_SYS_CTRL/TX_D_VALID_reg/RN     1.50    20.60   -19.10 (VIOLATED)
       PIN :   U0_SYS_CTRL/write_address_reg[0]/RN     1.50    20.60   -19.10 (VIOLATED)
       PIN :   U0_SYS_CTRL/isPreviousOperationALU_reg/RN     1.50    20.60   -19.10 (VIOLATED)
       PIN :   U0_SYS_CTRL/current_state_2_reg[2]/RN     1.50    20.60   -19.10 (VIOLATED)
       PIN :   U0_SYS_CTRL/current_state_2_reg[1]/RN     1.50    20.60   -19.10 (VIOLATED)
       PIN :   U0_SYS_CTRL/current_state_2_reg[0]/RN     1.50    20.60   -19.10 (VIOLATED)
       PIN :   U0_SYS_CTRL/current_state_1_reg[0]/RN     1.50    20.60   -19.10 (VIOLATED)
       PIN :   U0_SYS_CTRL/TX_P_DATA_reg[7]/RN     1.50    20.60   -19.10 (VIOLATED)
       PIN :   U0_SYS_CTRL/TX_P_DATA_reg[6]/RN     1.50    20.60   -19.10 (VIOLATED)
       PIN :   U0_SYS_CTRL/write_address_reg[3]/RN     1.50    20.60   -19.10 (VIOLATED)
       PIN :   U0_Reg_File/registers_reg[6][0]/RN     1.50    20.60   -19.10 (VIOLATED)
       PIN :   U0_Reg_File/registers_reg[5][7]/RN     1.50    20.60   -19.10 (VIOLATED)
       PIN :   U0_Reg_File/registers_reg[5][6]/RN     1.50    20.60   -19.10 (VIOLATED)
       PIN :   U0_Reg_File/registers_reg[5][5]/RN     1.50    20.60   -19.10 (VIOLATED)
       PIN :   U0_Reg_File/registers_reg[5][4]/RN     1.50    20.60   -19.10 (VIOLATED)
       PIN :   U0_Reg_File/registers_reg[5][3]/RN     1.50    20.60   -19.10 (VIOLATED)
       PIN :   U0_Reg_File/registers_reg[5][2]/RN     1.50    20.60   -19.10 (VIOLATED)
       PIN :   U0_Reg_File/registers_reg[5][1]/RN     1.50    20.60   -19.10 (VIOLATED)
       PIN :   U0_Reg_File/registers_reg[5][0]/RN     1.50    20.60   -19.10 (VIOLATED)
       PIN :   U0_Reg_File/registers_reg[4][7]/RN     1.50    20.60   -19.10 (VIOLATED)
       PIN :   U0_Reg_File/registers_reg[4][6]/RN     1.50    20.60   -19.10 (VIOLATED)
       PIN :   U0_Reg_File/registers_reg[4][5]/RN     1.50    20.60   -19.10 (VIOLATED)
       PIN :   U0_Reg_File/registers_reg[4][4]/RN     1.50    20.60   -19.10 (VIOLATED)
       PIN :   U0_Reg_File/registers_reg[4][3]/RN     1.50    20.60   -19.10 (VIOLATED)
       PIN :   U0_Reg_File/registers_reg[4][2]/RN     1.50    20.60   -19.10 (VIOLATED)
       PIN :   U0_Reg_File/registers_reg[4][1]/RN     1.50    20.60   -19.10 (VIOLATED)
       PIN :   U0_Reg_File/registers_reg[4][0]/RN     1.50    20.60   -19.10 (VIOLATED)
       PIN :   U0_Reg_File/registers_reg[3][7]/RN     1.50    20.60   -19.10 (VIOLATED)
       PIN :   U0_Reg_File/RdData_Valid_reg/RN     1.50    20.60   -19.10 (VIOLATED)
       PIN :   U0_Reg_File/registers_reg[3][6]/RN     1.50    20.60   -19.10 (VIOLATED)
       PIN :   U0_Reg_File/registers_reg[3][5]/RN     1.50    20.60   -19.10 (VIOLATED)
       PIN :   U0_Reg_File/registers_reg[3][4]/RN     1.50    20.60   -19.10 (VIOLATED)
       PIN :   U0_Reg_File/registers_reg[3][3]/SN     1.50    20.60   -19.10 (VIOLATED)
       PIN :   U0_Reg_File/registers_reg[3][2]/RN     1.50    20.60   -19.10 (VIOLATED)
       PIN :   U0_Reg_File/registers_reg[3][1]/RN     1.50    20.60   -19.10 (VIOLATED)
       PIN :   U0_Reg_File/registers_reg[2][6]/RN     1.50    20.60   -19.10 (VIOLATED)
       PIN :   U0_Reg_File/registers_reg[2][5]/SN     1.50    20.60   -19.10 (VIOLATED)
       PIN :   U0_Reg_File/registers_reg[2][4]/RN     1.50    20.60   -19.10 (VIOLATED)
       PIN :   U0_Reg_File/registers_reg[2][3]/RN     1.50    20.60   -19.10 (VIOLATED)
       PIN :   U0_Reg_File/registers_reg[2][2]/RN     1.50    20.60   -19.10 (VIOLATED)
       PIN :   U0_Reg_File/registers_reg[2][1]/RN     1.50    20.60   -19.10 (VIOLATED)
       PIN :   U0_Reg_File/registers_reg[2][0]/RN     1.50    20.60   -19.10 (VIOLATED)
       PIN :   U0_Reg_File/registers_reg[1][7]/RN     1.50    20.60   -19.10 (VIOLATED)
       PIN :   U0_Reg_File/registers_reg[1][6]/RN     1.50    20.60   -19.10 (VIOLATED)
       PIN :   U0_Reg_File/registers_reg[1][5]/RN     1.50    20.60   -19.10 (VIOLATED)
       PIN :   U0_Reg_File/registers_reg[1][4]/RN     1.50    20.60   -19.10 (VIOLATED)
       PIN :   U0_Reg_File/registers_reg[1][3]/RN     1.50    20.60   -19.10 (VIOLATED)
       PIN :   U0_Reg_File/registers_reg[1][2]/RN     1.50    20.60   -19.10 (VIOLATED)
       PIN :   U0_Reg_File/registers_reg[1][1]/RN     1.50    20.60   -19.10 (VIOLATED)
       PIN :   U0_Reg_File/registers_reg[1][0]/RN     1.50    20.60   -19.10 (VIOLATED)
       PIN :   U0_Reg_File/registers_reg[0][7]/RN     1.50    20.60   -19.10 (VIOLATED)
       PIN :   U0_Reg_File/registers_reg[0][6]/RN     1.50    20.60   -19.10 (VIOLATED)
       PIN :   U0_Reg_File/registers_reg[0][5]/RN     1.50    20.60   -19.10 (VIOLATED)
       PIN :   U0_Reg_File/registers_reg[0][4]/RN     1.50    20.60   -19.10 (VIOLATED)
       PIN :   U0_Reg_File/registers_reg[0][3]/RN     1.50    20.60   -19.10 (VIOLATED)
       PIN :   U0_Reg_File/registers_reg[0][2]/RN     1.50    20.60   -19.10 (VIOLATED)
       PIN :   U0_Reg_File/registers_reg[0][1]/RN     1.50    20.60   -19.10 (VIOLATED)
       PIN :   U0_Reg_File/registers_reg[6][6]/RN     1.50    20.60   -19.10 (VIOLATED)
       PIN :   U0_Reg_File/registers_reg[6][5]/RN     1.50    20.60   -19.10 (VIOLATED)
       PIN :   U0_Reg_File/registers_reg[6][4]/RN     1.50    20.60   -19.10 (VIOLATED)
       PIN :   U0_Reg_File/registers_reg[6][3]/RN     1.50    20.60   -19.10 (VIOLATED)
       PIN :   U0_Reg_File/registers_reg[6][2]/RN     1.50    20.60   -19.10 (VIOLATED)
       PIN :   U0_Reg_File/registers_reg[6][1]/RN     1.50    20.60   -19.10 (VIOLATED)
       PIN :   U0_Reg_File/registers_reg[3][0]/RN     1.50    20.60   -19.10 (VIOLATED)
       PIN :   U0_Reg_File/registers_reg[2][7]/RN     1.50    20.60   -19.10 (VIOLATED)
       PIN :   U0_Reg_File/registers_reg[15][7]/RN     1.50    20.60   -19.10 (VIOLATED)
       PIN :   U0_Reg_File/registers_reg[15][6]/RN     1.50    20.60   -19.10 (VIOLATED)
       PIN :   U0_Reg_File/registers_reg[15][5]/RN     1.50    20.60   -19.10 (VIOLATED)
       PIN :   U0_Reg_File/registers_reg[15][4]/RN     1.50    20.60   -19.10 (VIOLATED)
       PIN :   U0_Reg_File/registers_reg[15][3]/RN     1.50    20.60   -19.10 (VIOLATED)
       PIN :   U0_Reg_File/registers_reg[15][2]/RN     1.50    20.60   -19.10 (VIOLATED)
       PIN :   U0_Reg_File/registers_reg[15][1]/RN     1.50    20.60   -19.10 (VIOLATED)
       PIN :   U0_Reg_File/registers_reg[15][0]/RN     1.50    20.60   -19.10 (VIOLATED)
       PIN :   U0_Reg_File/registers_reg[14][7]/RN     1.50    20.60   -19.10 (VIOLATED)
       PIN :   U0_Reg_File/registers_reg[14][6]/RN     1.50    20.60   -19.10 (VIOLATED)
       PIN :   U0_Reg_File/registers_reg[14][5]/RN     1.50    20.60   -19.10 (VIOLATED)
       PIN :   U0_Reg_File/registers_reg[14][4]/RN     1.50    20.60   -19.10 (VIOLATED)
       PIN :   U0_Reg_File/registers_reg[14][3]/RN     1.50    20.60   -19.10 (VIOLATED)
       PIN :   U0_Reg_File/registers_reg[14][2]/RN     1.50    20.60   -19.10 (VIOLATED)
       PIN :   U0_Reg_File/registers_reg[14][1]/RN     1.50    20.60   -19.10 (VIOLATED)
       PIN :   U0_Reg_File/registers_reg[14][0]/RN     1.50    20.60   -19.10 (VIOLATED)
       PIN :   U0_Reg_File/registers_reg[13][7]/RN     1.50    20.60   -19.10 (VIOLATED)
       PIN :   U0_Reg_File/registers_reg[13][6]/RN     1.50    20.60   -19.10 (VIOLATED)
       PIN :   U0_Reg_File/registers_reg[13][5]/RN     1.50    20.60   -19.10 (VIOLATED)
       PIN :   U0_Reg_File/registers_reg[13][4]/RN     1.50    20.60   -19.10 (VIOLATED)
       PIN :   U0_Reg_File/registers_reg[13][3]/RN     1.50    20.60   -19.10 (VIOLATED)
       PIN :   U0_Reg_File/registers_reg[13][2]/RN     1.50    20.60   -19.10 (VIOLATED)
       PIN :   U0_Reg_File/registers_reg[13][1]/RN     1.50    20.60   -19.10 (VIOLATED)
       PIN :   U0_Reg_File/registers_reg[13][0]/RN     1.50    20.60   -19.10 (VIOLATED)
       PIN :   U0_Reg_File/registers_reg[12][7]/RN     1.50    20.60   -19.10 (VIOLATED)
       PIN :   U0_Reg_File/registers_reg[12][6]/RN     1.50    20.60   -19.10 (VIOLATED)
       PIN :   U0_Reg_File/registers_reg[12][5]/RN     1.50    20.60   -19.10 (VIOLATED)
       PIN :   U0_Reg_File/registers_reg[12][4]/RN     1.50    20.60   -19.10 (VIOLATED)
       PIN :   U0_Reg_File/registers_reg[12][3]/RN     1.50    20.60   -19.10 (VIOLATED)
       PIN :   U0_Reg_File/registers_reg[12][2]/RN     1.50    20.60   -19.10 (VIOLATED)
       PIN :   U0_Reg_File/registers_reg[12][1]/RN     1.50    20.60   -19.10 (VIOLATED)
       PIN :   U0_Reg_File/registers_reg[12][0]/RN     1.50    20.60   -19.10 (VIOLATED)
       PIN :   U0_Reg_File/registers_reg[11][7]/RN     1.50    20.60   -19.10 (VIOLATED)
       PIN :   U0_Reg_File/registers_reg[11][6]/RN     1.50    20.60   -19.10 (VIOLATED)
       PIN :   U0_Reg_File/registers_reg[11][5]/RN     1.50    20.60   -19.10 (VIOLATED)
       PIN :   U0_Reg_File/registers_reg[11][4]/RN     1.50    20.60   -19.10 (VIOLATED)
       PIN :   U0_Reg_File/registers_reg[11][3]/RN     1.50    20.60   -19.10 (VIOLATED)
       PIN :   U0_Reg_File/registers_reg[11][2]/RN     1.50    20.60   -19.10 (VIOLATED)
       PIN :   U0_Reg_File/registers_reg[11][1]/RN     1.50    20.60   -19.10 (VIOLATED)
       PIN :   U0_Reg_File/registers_reg[11][0]/RN     1.50    20.60   -19.10 (VIOLATED)
       PIN :   U0_Reg_File/registers_reg[10][7]/RN     1.50    20.60   -19.10 (VIOLATED)
       PIN :   U0_Reg_File/registers_reg[10][6]/RN     1.50    20.60   -19.10 (VIOLATED)
       PIN :   U0_Reg_File/registers_reg[10][5]/RN     1.50    20.60   -19.10 (VIOLATED)
       PIN :   U0_Reg_File/registers_reg[10][4]/RN     1.50    20.60   -19.10 (VIOLATED)
       PIN :   U0_Reg_File/registers_reg[10][3]/RN     1.50    20.60   -19.10 (VIOLATED)
       PIN :   U0_Reg_File/registers_reg[10][2]/RN     1.50    20.60   -19.10 (VIOLATED)
       PIN :   U0_Reg_File/registers_reg[10][1]/RN     1.50    20.60   -19.10 (VIOLATED)
       PIN :   U0_Reg_File/registers_reg[10][0]/RN     1.50    20.60   -19.10 (VIOLATED)
       PIN :   U0_Reg_File/registers_reg[9][7]/RN     1.50    20.60   -19.10 (VIOLATED)
       PIN :   U0_Reg_File/registers_reg[9][6]/RN     1.50    20.60   -19.10 (VIOLATED)
       PIN :   U0_Reg_File/registers_reg[9][5]/RN     1.50    20.60   -19.10 (VIOLATED)
       PIN :   U0_Reg_File/registers_reg[9][4]/RN     1.50    20.60   -19.10 (VIOLATED)
       PIN :   U0_Reg_File/registers_reg[9][3]/RN     1.50    20.60   -19.10 (VIOLATED)
       PIN :   U0_Reg_File/registers_reg[9][2]/RN     1.50    20.60   -19.10 (VIOLATED)
       PIN :   U0_Reg_File/registers_reg[9][1]/RN     1.50    20.60   -19.10 (VIOLATED)
       PIN :   U0_Reg_File/registers_reg[9][0]/RN     1.50    20.60   -19.10 (VIOLATED)
       PIN :   U0_Reg_File/registers_reg[8][7]/RN     1.50    20.60   -19.10 (VIOLATED)
       PIN :   U0_Reg_File/registers_reg[8][6]/RN     1.50    20.60   -19.10 (VIOLATED)
       PIN :   U0_Reg_File/registers_reg[8][5]/RN     1.50    20.60   -19.10 (VIOLATED)
       PIN :   U0_Reg_File/registers_reg[8][4]/RN     1.50    20.60   -19.10 (VIOLATED)
       PIN :   U0_Reg_File/registers_reg[8][3]/RN     1.50    20.60   -19.10 (VIOLATED)
       PIN :   U0_Reg_File/registers_reg[8][2]/RN     1.50    20.60   -19.10 (VIOLATED)
       PIN :   U0_Reg_File/registers_reg[8][1]/RN     1.50    20.60   -19.10 (VIOLATED)
       PIN :   U0_Reg_File/registers_reg[8][0]/RN     1.50    20.60   -19.10 (VIOLATED)
       PIN :   U0_Reg_File/registers_reg[7][7]/RN     1.50    20.60   -19.10 (VIOLATED)
       PIN :   U0_Reg_File/registers_reg[7][6]/RN     1.50    20.60   -19.10 (VIOLATED)
       PIN :   U0_Reg_File/registers_reg[7][5]/RN     1.50    20.60   -19.10 (VIOLATED)
       PIN :   U0_Reg_File/registers_reg[7][4]/RN     1.50    20.60   -19.10 (VIOLATED)
       PIN :   U0_Reg_File/registers_reg[7][3]/RN     1.50    20.60   -19.10 (VIOLATED)
       PIN :   U0_Reg_File/registers_reg[7][2]/RN     1.50    20.60   -19.10 (VIOLATED)
       PIN :   U0_Reg_File/registers_reg[7][1]/RN     1.50    20.60   -19.10 (VIOLATED)
       PIN :   U0_Reg_File/registers_reg[7][0]/RN     1.50    20.60   -19.10 (VIOLATED)
       PIN :   U0_Reg_File/registers_reg[6][7]/RN     1.50    20.60   -19.10 (VIOLATED)
       PIN :   U0_Reg_File/RdData_reg[6]/RN     1.50    20.60   -19.10 (VIOLATED)
       PIN :   U0_Reg_File/RdData_reg[5]/RN     1.50    20.60   -19.10 (VIOLATED)
       PIN :   U0_Reg_File/RdData_reg[4]/RN     1.50    20.60   -19.10 (VIOLATED)
       PIN :   U0_Reg_File/RdData_reg[3]/RN     1.50    20.60   -19.10 (VIOLATED)
       PIN :   U0_Reg_File/RdData_reg[2]/RN     1.50    20.60   -19.10 (VIOLATED)
       PIN :   U0_Reg_File/RdData_reg[1]/RN     1.50    20.60   -19.10 (VIOLATED)
       PIN :   U0_Reg_File/RdData_reg[0]/RN     1.50    20.60   -19.10 (VIOLATED)
       PIN :   U0_Reg_File/registers_reg[0][0]/RN     1.50    20.60   -19.10 (VIOLATED)
       PIN :   U0_Reg_File/RdData_reg[7]/RN     1.50    20.60   -19.10 (VIOLATED)
       PIN :   U0_ALU/result_reg[0]/RN     1.50    20.60    -19.10  (VIOLATED)
       PIN :   U0_ALU/valid_reg/RN     1.50    20.60        -19.10  (VIOLATED)
       PIN :   U0_ALU/result_reg[8]/RN     1.50    20.60    -19.10  (VIOLATED)
       PIN :   U0_ALU/result_reg[2]/RN     1.50    20.60    -19.10  (VIOLATED)
       PIN :   U0_ALU/result_reg[1]/RN     1.50    20.60    -19.10  (VIOLATED)
       PIN :   U0_ALU/result_reg[7]/RN     1.50    20.60    -19.10  (VIOLATED)
       PIN :   U0_ALU/result_reg[6]/RN     1.50    20.60    -19.10  (VIOLATED)
       PIN :   U0_ALU/result_reg[5]/RN     1.50    20.60    -19.10  (VIOLATED)
       PIN :   U0_ALU/result_reg[4]/RN     1.50    20.60    -19.10  (VIOLATED)
       PIN :   U0_ALU/result_reg[3]/RN     1.50    20.60    -19.10  (VIOLATED)
       PIN :   U0_ALU/result_reg[15]/RN     1.50    20.60   -19.10  (VIOLATED)
       PIN :   U0_ALU/result_reg[14]/RN     1.50    20.60   -19.10  (VIOLATED)
       PIN :   U0_ALU/result_reg[13]/RN     1.50    20.60   -19.10  (VIOLATED)
       PIN :   U0_ALU/result_reg[12]/RN     1.50    20.60   -19.10  (VIOLATED)
       PIN :   U0_ALU/result_reg[11]/RN     1.50    20.60   -19.10  (VIOLATED)
       PIN :   U0_ALU/result_reg[10]/RN     1.50    20.60   -19.10  (VIOLATED)
       PIN :   U0_ALU/result_reg[9]/RN     1.50    20.60    -19.10  (VIOLATED)
       PIN :   U0_bit_synchronizer/Q_reg[0][1]/RN     1.50    20.60   -19.10 (VIOLATED)
       PIN :   U0_bit_synchronizer/Q_reg[0][0]/RN     1.50    20.60   -19.10 (VIOLATED)
       PIN :   U0_data_sync_1/sync_bus_reg[1]/RN     1.50    20.60   -19.10 (VIOLATED)
       PIN :   U0_data_sync_1/sync_bus_reg[6]/RN     1.50    20.60   -19.10 (VIOLATED)
       PIN :   U0_data_sync_1/sync_bus_reg[5]/RN     1.50    20.60   -19.10 (VIOLATED)
       PIN :   U0_data_sync_1/sync_bus_reg[4]/RN     1.50    20.60   -19.10 (VIOLATED)
       PIN :   U0_data_sync_1/sync_bus_reg[3]/RN     1.50    20.60   -19.10 (VIOLATED)
       PIN :   U0_data_sync_1/sync_bus_reg[2]/RN     1.50    20.60   -19.10 (VIOLATED)
       PIN :   U0_data_sync_1/sync_bus_reg[0]/RN     1.50    20.60   -19.10 (VIOLATED)
       PIN :   U0_data_sync_1/enable_pulse_reg/RN     1.50    20.60   -19.10 (VIOLATED)
       PIN :   U0_data_sync_1/sync_bus_reg[7]/RN     1.50    20.60   -19.10 (VIOLATED)
   muxed_ref_clk (dont_touch)     0.76        18.82         -18.06  (VIOLATED)
       PIN :   U0_data_sync_1/U0/Q_reg[0][1]/CK     0.76    18.82   -18.06 (VIOLATED)
       PIN :   U0_data_sync_1/U0/Q_reg[0][0]/CK     0.76    18.82   -18.06 (VIOLATED)
       PIN :   U0_data_sync_1/U1/Q_reg/CK     0.76    18.82   -18.06 (VIOLATED)
       PIN :   U0_RST_SYNC_1/Q_reg[1]/CK     0.76    18.82   -18.06 (VIOLATED)
       PIN :   U0_RST_SYNC_1/Q_reg[0]/CK     0.76    18.82   -18.06 (VIOLATED)
       PIN :   U0_data_sync_1/sync_bus_reg[1]/CK     0.76    18.82   -18.06 (VIOLATED)
       PIN :   U0_data_sync_1/sync_bus_reg[6]/CK     0.76    18.82   -18.06 (VIOLATED)
       PIN :   U0_data_sync_1/sync_bus_reg[5]/CK     0.76    18.82   -18.06 (VIOLATED)
       PIN :   U0_data_sync_1/sync_bus_reg[4]/CK     0.76    18.82   -18.06 (VIOLATED)
       PIN :   U0_data_sync_1/sync_bus_reg[3]/CK     0.76    18.82   -18.06 (VIOLATED)
       PIN :   U0_data_sync_1/sync_bus_reg[2]/CK     0.76    18.82   -18.06 (VIOLATED)
       PIN :   U0_data_sync_1/sync_bus_reg[0]/CK     0.76    18.82   -18.06 (VIOLATED)
       PIN :   U0_data_sync_1/enable_pulse_reg/CK     0.76    18.82   -18.06 (VIOLATED)
       PIN :   U0_data_sync_1/sync_bus_reg[7]/CK     0.76    18.82   -18.06 (VIOLATED)
       PIN :   U0_bit_synchronizer/Q_reg[0][1]/CK     0.76    18.82   -18.06 (VIOLATED)
       PIN :   U0_bit_synchronizer/Q_reg[0][0]/CK     0.76    18.82   -18.06 (VIOLATED)
       PIN :   U0_CLK_GATE/U0_TLATNCAX4M/CK     0.76    18.82   -18.06 (VIOLATED)
       PIN :   U0_Reg_File/registers_reg[6][0]/CK     0.76    18.82   -18.06 (VIOLATED)
       PIN :   U0_Reg_File/registers_reg[5][7]/CK     0.76    18.82   -18.06 (VIOLATED)
       PIN :   U0_Reg_File/registers_reg[5][6]/CK     0.76    18.82   -18.06 (VIOLATED)
       PIN :   U0_Reg_File/registers_reg[5][5]/CK     0.76    18.82   -18.06 (VIOLATED)
       PIN :   U0_Reg_File/registers_reg[5][4]/CK     0.76    18.82   -18.06 (VIOLATED)
       PIN :   U0_Reg_File/registers_reg[5][3]/CK     0.76    18.82   -18.06 (VIOLATED)
       PIN :   U0_Reg_File/registers_reg[5][2]/CK     0.76    18.82   -18.06 (VIOLATED)
       PIN :   U0_Reg_File/registers_reg[5][1]/CK     0.76    18.82   -18.06 (VIOLATED)
       PIN :   U0_Reg_File/registers_reg[5][0]/CK     0.76    18.82   -18.06 (VIOLATED)
       PIN :   U0_Reg_File/registers_reg[4][7]/CK     0.76    18.82   -18.06 (VIOLATED)
       PIN :   U0_Reg_File/registers_reg[4][6]/CK     0.76    18.82   -18.06 (VIOLATED)
       PIN :   U0_Reg_File/registers_reg[4][5]/CK     0.76    18.82   -18.06 (VIOLATED)
       PIN :   U0_Reg_File/registers_reg[4][4]/CK     0.76    18.82   -18.06 (VIOLATED)
       PIN :   U0_Reg_File/registers_reg[4][3]/CK     0.76    18.82   -18.06 (VIOLATED)
       PIN :   U0_Reg_File/registers_reg[4][2]/CK     0.76    18.82   -18.06 (VIOLATED)
       PIN :   U0_Reg_File/registers_reg[4][1]/CK     0.76    18.82   -18.06 (VIOLATED)
       PIN :   U0_Reg_File/registers_reg[4][0]/CK     0.76    18.82   -18.06 (VIOLATED)
       PIN :   U0_Reg_File/registers_reg[3][7]/CK     0.76    18.82   -18.06 (VIOLATED)
       PIN :   U0_Reg_File/RdData_Valid_reg/CK     0.76    18.82   -18.06 (VIOLATED)
       PIN :   U0_Reg_File/registers_reg[3][6]/CK     0.76    18.82   -18.06 (VIOLATED)
       PIN :   U0_Reg_File/registers_reg[3][5]/CK     0.76    18.82   -18.06 (VIOLATED)
       PIN :   U0_Reg_File/registers_reg[3][4]/CK     0.76    18.82   -18.06 (VIOLATED)
       PIN :   U0_Reg_File/registers_reg[3][3]/CK     0.76    18.82   -18.06 (VIOLATED)
       PIN :   U0_Reg_File/registers_reg[3][2]/CK     0.76    18.82   -18.06 (VIOLATED)
       PIN :   U0_Reg_File/registers_reg[3][1]/CK     0.76    18.82   -18.06 (VIOLATED)
       PIN :   U0_Reg_File/registers_reg[2][6]/CK     0.76    18.82   -18.06 (VIOLATED)
       PIN :   U0_Reg_File/registers_reg[2][5]/CK     0.76    18.82   -18.06 (VIOLATED)
       PIN :   U0_Reg_File/registers_reg[2][4]/CK     0.76    18.82   -18.06 (VIOLATED)
       PIN :   U0_Reg_File/registers_reg[2][3]/CK     0.76    18.82   -18.06 (VIOLATED)
       PIN :   U0_Reg_File/registers_reg[2][2]/CK     0.76    18.82   -18.06 (VIOLATED)
       PIN :   U0_Reg_File/registers_reg[2][1]/CK     0.76    18.82   -18.06 (VIOLATED)
       PIN :   U0_Reg_File/registers_reg[2][0]/CK     0.76    18.82   -18.06 (VIOLATED)
       PIN :   U0_Reg_File/registers_reg[1][7]/CK     0.76    18.82   -18.06 (VIOLATED)
       PIN :   U0_Reg_File/registers_reg[1][6]/CK     0.76    18.82   -18.06 (VIOLATED)
       PIN :   U0_Reg_File/registers_reg[1][5]/CK     0.76    18.82   -18.06 (VIOLATED)
       PIN :   U0_Reg_File/registers_reg[1][4]/CK     0.76    18.82   -18.06 (VIOLATED)
       PIN :   U0_Reg_File/registers_reg[1][3]/CK     0.76    18.82   -18.06 (VIOLATED)
       PIN :   U0_Reg_File/registers_reg[1][2]/CK     0.76    18.82   -18.06 (VIOLATED)
       PIN :   U0_Reg_File/registers_reg[1][1]/CK     0.76    18.82   -18.06 (VIOLATED)
       PIN :   U0_Reg_File/registers_reg[1][0]/CK     0.76    18.82   -18.06 (VIOLATED)
       PIN :   U0_Reg_File/registers_reg[0][7]/CK     0.76    18.82   -18.06 (VIOLATED)
       PIN :   U0_Reg_File/registers_reg[0][6]/CK     0.76    18.82   -18.06 (VIOLATED)
       PIN :   U0_Reg_File/registers_reg[0][5]/CK     0.76    18.82   -18.06 (VIOLATED)
       PIN :   U0_Reg_File/registers_reg[0][4]/CK     0.76    18.82   -18.06 (VIOLATED)
       PIN :   U0_Reg_File/registers_reg[0][3]/CK     0.76    18.82   -18.06 (VIOLATED)
       PIN :   U0_Reg_File/registers_reg[0][2]/CK     0.76    18.82   -18.06 (VIOLATED)
       PIN :   U0_Reg_File/registers_reg[0][1]/CK     0.76    18.82   -18.06 (VIOLATED)
       PIN :   U0_Reg_File/registers_reg[6][6]/CK     0.76    18.82   -18.06 (VIOLATED)
       PIN :   U0_Reg_File/registers_reg[6][5]/CK     0.76    18.82   -18.06 (VIOLATED)
       PIN :   U0_Reg_File/registers_reg[6][4]/CK     0.76    18.82   -18.06 (VIOLATED)
       PIN :   U0_Reg_File/registers_reg[6][3]/CK     0.76    18.82   -18.06 (VIOLATED)
       PIN :   U0_Reg_File/registers_reg[6][2]/CK     0.76    18.82   -18.06 (VIOLATED)
       PIN :   U0_Reg_File/registers_reg[6][1]/CK     0.76    18.82   -18.06 (VIOLATED)
       PIN :   U0_Reg_File/registers_reg[3][0]/CK     0.76    18.82   -18.06 (VIOLATED)
       PIN :   U0_Reg_File/registers_reg[2][7]/CK     0.76    18.82   -18.06 (VIOLATED)
       PIN :   U0_Reg_File/registers_reg[15][7]/CK     0.76    18.82   -18.06 (VIOLATED)
       PIN :   U0_Reg_File/registers_reg[15][6]/CK     0.76    18.82   -18.06 (VIOLATED)
       PIN :   U0_Reg_File/registers_reg[15][5]/CK     0.76    18.82   -18.06 (VIOLATED)
       PIN :   U0_Reg_File/registers_reg[15][4]/CK     0.76    18.82   -18.06 (VIOLATED)
       PIN :   U0_Reg_File/registers_reg[15][3]/CK     0.76    18.82   -18.06 (VIOLATED)
       PIN :   U0_Reg_File/registers_reg[15][2]/CK     0.76    18.82   -18.06 (VIOLATED)
       PIN :   U0_Reg_File/registers_reg[15][1]/CK     0.76    18.82   -18.06 (VIOLATED)
       PIN :   U0_Reg_File/registers_reg[15][0]/CK     0.76    18.82   -18.06 (VIOLATED)
       PIN :   U0_Reg_File/registers_reg[14][7]/CK     0.76    18.82   -18.06 (VIOLATED)
       PIN :   U0_Reg_File/registers_reg[14][6]/CK     0.76    18.82   -18.06 (VIOLATED)
       PIN :   U0_Reg_File/registers_reg[14][5]/CK     0.76    18.82   -18.06 (VIOLATED)
       PIN :   U0_Reg_File/registers_reg[14][4]/CK     0.76    18.82   -18.06 (VIOLATED)
       PIN :   U0_Reg_File/registers_reg[14][3]/CK     0.76    18.82   -18.06 (VIOLATED)
       PIN :   U0_Reg_File/registers_reg[14][2]/CK     0.76    18.82   -18.06 (VIOLATED)
       PIN :   U0_Reg_File/registers_reg[14][1]/CK     0.76    18.82   -18.06 (VIOLATED)
       PIN :   U0_Reg_File/registers_reg[14][0]/CK     0.76    18.82   -18.06 (VIOLATED)
       PIN :   U0_Reg_File/registers_reg[13][7]/CK     0.76    18.82   -18.06 (VIOLATED)
       PIN :   U0_Reg_File/registers_reg[13][6]/CK     0.76    18.82   -18.06 (VIOLATED)
       PIN :   U0_Reg_File/registers_reg[13][5]/CK     0.76    18.82   -18.06 (VIOLATED)
       PIN :   U0_Reg_File/registers_reg[13][4]/CK     0.76    18.82   -18.06 (VIOLATED)
       PIN :   U0_Reg_File/registers_reg[13][3]/CK     0.76    18.82   -18.06 (VIOLATED)
       PIN :   U0_Reg_File/registers_reg[13][2]/CK     0.76    18.82   -18.06 (VIOLATED)
       PIN :   U0_Reg_File/registers_reg[13][1]/CK     0.76    18.82   -18.06 (VIOLATED)
       PIN :   U0_Reg_File/registers_reg[13][0]/CK     0.76    18.82   -18.06 (VIOLATED)
       PIN :   U0_Reg_File/registers_reg[12][7]/CK     0.76    18.82   -18.06 (VIOLATED)
       PIN :   U0_Reg_File/registers_reg[12][6]/CK     0.76    18.82   -18.06 (VIOLATED)
       PIN :   U0_Reg_File/registers_reg[12][5]/CK     0.76    18.82   -18.06 (VIOLATED)
       PIN :   U0_Reg_File/registers_reg[12][4]/CK     0.76    18.82   -18.06 (VIOLATED)
       PIN :   U0_Reg_File/registers_reg[12][3]/CK     0.76    18.82   -18.06 (VIOLATED)
       PIN :   U0_Reg_File/registers_reg[12][2]/CK     0.76    18.82   -18.06 (VIOLATED)
       PIN :   U0_Reg_File/registers_reg[12][1]/CK     0.76    18.82   -18.06 (VIOLATED)
       PIN :   U0_Reg_File/registers_reg[12][0]/CK     0.76    18.82   -18.06 (VIOLATED)
       PIN :   U0_Reg_File/registers_reg[11][7]/CK     0.76    18.82   -18.06 (VIOLATED)
       PIN :   U0_Reg_File/registers_reg[11][6]/CK     0.76    18.82   -18.06 (VIOLATED)
       PIN :   U0_Reg_File/registers_reg[11][5]/CK     0.76    18.82   -18.06 (VIOLATED)
       PIN :   U0_Reg_File/registers_reg[11][4]/CK     0.76    18.82   -18.06 (VIOLATED)
       PIN :   U0_Reg_File/registers_reg[11][3]/CK     0.76    18.82   -18.06 (VIOLATED)
       PIN :   U0_Reg_File/registers_reg[11][2]/CK     0.76    18.82   -18.06 (VIOLATED)
       PIN :   U0_Reg_File/registers_reg[11][1]/CK     0.76    18.82   -18.06 (VIOLATED)
       PIN :   U0_Reg_File/registers_reg[11][0]/CK     0.76    18.82   -18.06 (VIOLATED)
       PIN :   U0_Reg_File/registers_reg[10][7]/CK     0.76    18.82   -18.06 (VIOLATED)
       PIN :   U0_Reg_File/registers_reg[10][6]/CK     0.76    18.82   -18.06 (VIOLATED)
       PIN :   U0_Reg_File/registers_reg[10][5]/CK     0.76    18.82   -18.06 (VIOLATED)
       PIN :   U0_Reg_File/registers_reg[10][4]/CK     0.76    18.82   -18.06 (VIOLATED)
       PIN :   U0_Reg_File/registers_reg[10][3]/CK     0.76    18.82   -18.06 (VIOLATED)
       PIN :   U0_Reg_File/registers_reg[10][2]/CK     0.76    18.82   -18.06 (VIOLATED)
       PIN :   U0_Reg_File/registers_reg[10][1]/CK     0.76    18.82   -18.06 (VIOLATED)
       PIN :   U0_Reg_File/registers_reg[10][0]/CK     0.76    18.82   -18.06 (VIOLATED)
       PIN :   U0_Reg_File/registers_reg[9][7]/CK     0.76    18.82   -18.06 (VIOLATED)
       PIN :   U0_Reg_File/registers_reg[9][6]/CK     0.76    18.82   -18.06 (VIOLATED)
       PIN :   U0_Reg_File/registers_reg[9][5]/CK     0.76    18.82   -18.06 (VIOLATED)
       PIN :   U0_Reg_File/registers_reg[9][4]/CK     0.76    18.82   -18.06 (VIOLATED)
       PIN :   U0_Reg_File/registers_reg[9][3]/CK     0.76    18.82   -18.06 (VIOLATED)
       PIN :   U0_Reg_File/registers_reg[9][2]/CK     0.76    18.82   -18.06 (VIOLATED)
       PIN :   U0_Reg_File/registers_reg[9][1]/CK     0.76    18.82   -18.06 (VIOLATED)
       PIN :   U0_Reg_File/registers_reg[9][0]/CK     0.76    18.82   -18.06 (VIOLATED)
       PIN :   U0_Reg_File/registers_reg[8][7]/CK     0.76    18.82   -18.06 (VIOLATED)
       PIN :   U0_Reg_File/registers_reg[8][6]/CK     0.76    18.82   -18.06 (VIOLATED)
       PIN :   U0_Reg_File/registers_reg[8][5]/CK     0.76    18.82   -18.06 (VIOLATED)
       PIN :   U0_Reg_File/registers_reg[8][4]/CK     0.76    18.82   -18.06 (VIOLATED)
       PIN :   U0_Reg_File/registers_reg[8][3]/CK     0.76    18.82   -18.06 (VIOLATED)
       PIN :   U0_Reg_File/registers_reg[8][2]/CK     0.76    18.82   -18.06 (VIOLATED)
       PIN :   U0_Reg_File/registers_reg[8][1]/CK     0.76    18.82   -18.06 (VIOLATED)
       PIN :   U0_Reg_File/registers_reg[8][0]/CK     0.76    18.82   -18.06 (VIOLATED)
       PIN :   U0_Reg_File/registers_reg[7][7]/CK     0.76    18.82   -18.06 (VIOLATED)
       PIN :   U0_Reg_File/registers_reg[7][6]/CK     0.76    18.82   -18.06 (VIOLATED)
       PIN :   U0_Reg_File/registers_reg[7][5]/CK     0.76    18.82   -18.06 (VIOLATED)
       PIN :   U0_Reg_File/registers_reg[7][4]/CK     0.76    18.82   -18.06 (VIOLATED)
       PIN :   U0_Reg_File/registers_reg[7][3]/CK     0.76    18.82   -18.06 (VIOLATED)
       PIN :   U0_Reg_File/registers_reg[7][2]/CK     0.76    18.82   -18.06 (VIOLATED)
       PIN :   U0_Reg_File/registers_reg[7][1]/CK     0.76    18.82   -18.06 (VIOLATED)
       PIN :   U0_Reg_File/registers_reg[7][0]/CK     0.76    18.82   -18.06 (VIOLATED)
       PIN :   U0_Reg_File/registers_reg[6][7]/CK     0.76    18.82   -18.06 (VIOLATED)
       PIN :   U0_Reg_File/RdData_reg[6]/CK     0.76    18.82   -18.06 (VIOLATED)
       PIN :   U0_Reg_File/RdData_reg[5]/CK     0.76    18.82   -18.06 (VIOLATED)
       PIN :   U0_Reg_File/RdData_reg[4]/CK     0.76    18.82   -18.06 (VIOLATED)
       PIN :   U0_Reg_File/RdData_reg[3]/CK     0.76    18.82   -18.06 (VIOLATED)
       PIN :   U0_Reg_File/RdData_reg[2]/CK     0.76    18.82   -18.06 (VIOLATED)
       PIN :   U0_Reg_File/RdData_reg[1]/CK     0.76    18.82   -18.06 (VIOLATED)
       PIN :   U0_Reg_File/RdData_reg[0]/CK     0.76    18.82   -18.06 (VIOLATED)
       PIN :   U0_Reg_File/registers_reg[0][0]/CK     0.76    18.82   -18.06 (VIOLATED)
       PIN :   U0_Reg_File/RdData_reg[7]/CK     0.76    18.82   -18.06 (VIOLATED)
       PIN :   U0_SYS_CTRL/write_address_reg[2]/CK     0.76    18.82   -18.06 (VIOLATED)
       PIN :   U0_SYS_CTRL/write_address_reg[1]/CK     0.76    18.82   -18.06 (VIOLATED)
       PIN :   U0_SYS_CTRL/current_state_1_reg[2]/CK     0.76    18.82   -18.06 (VIOLATED)
       PIN :   U0_SYS_CTRL/current_state_1_reg[1]/CK     0.76    18.82   -18.06 (VIOLATED)
       PIN :   U0_SYS_CTRL/TX_P_DATA_reg[5]/CK     0.76    18.82   -18.06 (VIOLATED)
       PIN :   U0_SYS_CTRL/TX_P_DATA_reg[4]/CK     0.76    18.82   -18.06 (VIOLATED)
       PIN :   U0_SYS_CTRL/TX_P_DATA_reg[3]/CK     0.76    18.82   -18.06 (VIOLATED)
       PIN :   U0_SYS_CTRL/TX_P_DATA_reg[2]/CK     0.76    18.82   -18.06 (VIOLATED)
       PIN :   U0_SYS_CTRL/TX_P_DATA_reg[1]/CK     0.76    18.82   -18.06 (VIOLATED)
       PIN :   U0_SYS_CTRL/TX_P_DATA_reg[0]/CK     0.76    18.82   -18.06 (VIOLATED)
       PIN :   U0_SYS_CTRL/TX_D_VALID_reg/CK     0.76    18.82   -18.06 (VIOLATED)
       PIN :   U0_SYS_CTRL/write_address_reg[0]/CK     0.76    18.82   -18.06 (VIOLATED)
       PIN :   U0_SYS_CTRL/isPreviousOperationALU_reg/CK     0.76    18.82   -18.06 (VIOLATED)
       PIN :   U0_SYS_CTRL/current_state_2_reg[2]/CK     0.76    18.82   -18.06 (VIOLATED)
       PIN :   U0_SYS_CTRL/current_state_2_reg[1]/CK     0.76    18.82   -18.06 (VIOLATED)
       PIN :   U0_SYS_CTRL/current_state_2_reg[0]/CK     0.76    18.82   -18.06 (VIOLATED)
       PIN :   U0_SYS_CTRL/current_state_1_reg[0]/CK     0.76    18.82   -18.06 (VIOLATED)
       PIN :   U0_SYS_CTRL/TX_P_DATA_reg[7]/CK     0.76    18.82   -18.06 (VIOLATED)
       PIN :   U0_SYS_CTRL/TX_P_DATA_reg[6]/CK     0.76    18.82   -18.06 (VIOLATED)
       PIN :   U0_SYS_CTRL/write_address_reg[3]/CK     0.76    18.82   -18.06 (VIOLATED)
       PIN :   U0_mux2X1/U1/Y     1.50        18.82         -17.32  (VIOLATED)
   muxed_rst2 (dont_touch)      1.50           7.12          -5.62  (VIOLATED)
       PIN :   U0_data_sync_2/U0/Q_reg[0][1]/RN     1.50     7.12    -5.62 (VIOLATED)
       PIN :   U0_data_sync_2/U0/Q_reg[0][0]/RN     1.50     7.12    -5.62 (VIOLATED)
       PIN :   U4_mux2X1/U1/Y     1.50         7.12          -5.62  (VIOLATED)
       PIN :   U0_UART/U0_UART_Tx/U0/busy_reg/RN     1.50     7.12    -5.62 (VIOLATED)
       PIN :   U0_UART/U0_UART_Tx/U0/current_state_reg[1]/RN     1.50     7.12    -5.62 (VIOLATED)
       PIN :   U0_UART/U0_UART_Tx/U0/current_state_reg[2]/RN     1.50     7.12    -5.62 (VIOLATED)
       PIN :   U0_UART/U0_UART_Tx/U0/current_state_reg[0]/RN     1.50     7.12    -5.62 (VIOLATED)
       PIN :   U0_UART/U0_UART_Tx/U1/shift_reg_reg[0]/RN     1.50     7.12    -5.62 (VIOLATED)
       PIN :   U0_UART/U0_UART_Tx/U1/shift_reg_reg[1]/RN     1.50     7.12    -5.62 (VIOLATED)
       PIN :   U0_UART/U0_UART_Tx/U1/shift_reg_reg[2]/RN     1.50     7.12    -5.62 (VIOLATED)
       PIN :   U0_UART/U0_UART_Tx/U1/shift_reg_reg[3]/RN     1.50     7.12    -5.62 (VIOLATED)
       PIN :   U0_UART/U0_UART_Tx/U1/shift_reg_reg[4]/RN     1.50     7.12    -5.62 (VIOLATED)
       PIN :   U0_UART/U0_UART_Tx/U1/done_reg/RN     1.50     7.12    -5.62 (VIOLATED)
       PIN :   U0_UART/U0_UART_Tx/U1/counter_reg[2]/RN     1.50     7.12    -5.62 (VIOLATED)
       PIN :   U0_UART/U0_UART_Tx/U1/counter_reg[1]/RN     1.50     7.12    -5.62 (VIOLATED)
       PIN :   U0_UART/U0_UART_Tx/U1/counter_reg[0]/RN     1.50     7.12    -5.62 (VIOLATED)
       PIN :   U0_UART/U0_UART_Tx/U1/shift_reg_reg[7]/RN     1.50     7.12    -5.62 (VIOLATED)
       PIN :   U0_UART/U0_UART_Tx/U1/shift_reg_reg[6]/RN     1.50     7.12    -5.62 (VIOLATED)
       PIN :   U0_UART/U0_UART_Tx/U1/shift_reg_reg[5]/RN     1.50     7.12    -5.62 (VIOLATED)
       PIN :   U0_UART/U0_UART_Tx/U2/parity_result_reg/RN     1.50     7.12    -5.62 (VIOLATED)
       PIN :   U0_UART/U0_UART_Tx/U3/out_reg/SN     1.50     7.12    -5.62 (VIOLATED)
       PIN :   U0_UART/U1_UART_Rx/U0_FSM/current_state_reg[1]/RN     1.50     7.12    -5.62 (VIOLATED)
       PIN :   U0_UART/U1_UART_Rx/U0_FSM/data_valid_reg/RN     1.50     7.12    -5.62 (VIOLATED)
       PIN :   U0_UART/U1_UART_Rx/U0_FSM/current_state_reg[2]/RN     1.50     7.12    -5.62 (VIOLATED)
       PIN :   U0_UART/U1_UART_Rx/U0_FSM/current_state_reg[0]/RN     1.50     7.12    -5.62 (VIOLATED)
       PIN :   U0_UART/U1_UART_Rx/U1_Sampler/sample2_reg/RN     1.50     7.12    -5.62 (VIOLATED)
       PIN :   U0_UART/U1_UART_Rx/U1_Sampler/sample1_reg/RN     1.50     7.12    -5.62 (VIOLATED)
       PIN :   U0_UART/U1_UART_Rx/U1_Sampler/sample3_reg/RN     1.50     7.12    -5.62 (VIOLATED)
       PIN :   U0_UART/U1_UART_Rx/U2_Deserializer/shift_reg_reg[6]/RN     1.50     7.12    -5.62 (VIOLATED)
       PIN :   U0_UART/U1_UART_Rx/U2_Deserializer/shift_reg_reg[5]/RN     1.50     7.12    -5.62 (VIOLATED)
       PIN :   U0_UART/U1_UART_Rx/U2_Deserializer/shift_reg_reg[4]/RN     1.50     7.12    -5.62 (VIOLATED)
       PIN :   U0_UART/U1_UART_Rx/U2_Deserializer/shift_reg_reg[3]/RN     1.50     7.12    -5.62 (VIOLATED)
       PIN :   U0_UART/U1_UART_Rx/U2_Deserializer/shift_reg_reg[2]/RN     1.50     7.12    -5.62 (VIOLATED)
       PIN :   U0_UART/U1_UART_Rx/U2_Deserializer/shift_reg_reg[1]/RN     1.50     7.12    -5.62 (VIOLATED)
       PIN :   U0_UART/U1_UART_Rx/U2_Deserializer/shift_reg_reg[0]/RN     1.50     7.12    -5.62 (VIOLATED)
       PIN :   U0_UART/U1_UART_Rx/U2_Deserializer/shift_reg_reg[7]/RN     1.50     7.12    -5.62 (VIOLATED)
       PIN :   U0_UART/U1_UART_Rx/U3_Counter/edge_counter_reg[5]/RN     1.50     7.12    -5.62 (VIOLATED)
       PIN :   U0_UART/U1_UART_Rx/U3_Counter/edge_counter_reg[4]/RN     1.50     7.12    -5.62 (VIOLATED)
       PIN :   U0_UART/U1_UART_Rx/U3_Counter/edge_counter_reg[3]/RN     1.50     7.12    -5.62 (VIOLATED)
       PIN :   U0_UART/U1_UART_Rx/U3_Counter/edge_counter_reg[2]/RN     1.50     7.12    -5.62 (VIOLATED)
       PIN :   U0_UART/U1_UART_Rx/U3_Counter/edge_counter_reg[1]/RN     1.50     7.12    -5.62 (VIOLATED)
       PIN :   U0_UART/U1_UART_Rx/U3_Counter/edge_counter_reg[0]/RN     1.50     7.12    -5.62 (VIOLATED)
       PIN :   U0_UART/U1_UART_Rx/U3_Counter/bit_counter_reg[3]/RN     1.50     7.12    -5.62 (VIOLATED)
       PIN :   U0_UART/U1_UART_Rx/U3_Counter/bit_counter_reg[1]/RN     1.50     7.12    -5.62 (VIOLATED)
       PIN :   U0_UART/U1_UART_Rx/U3_Counter/bit_counter_reg[0]/RN     1.50     7.12    -5.62 (VIOLATED)
       PIN :   U0_UART/U1_UART_Rx/U3_Counter/bit_counter_reg[2]/RN     1.50     7.12    -5.62 (VIOLATED)
       PIN :   U0_UART/U1_UART_Rx/U4_Parity/parity_error_reg/RN     1.50     7.12    -5.62 (VIOLATED)
       PIN :   U0_UART/U1_UART_Rx/U5_Start/glitch_reg/RN     1.50     7.12    -5.62 (VIOLATED)
       PIN :   U0_UART/U1_UART_Rx/U6_Stop/stop_error_reg/RN     1.50     7.12    -5.62 (VIOLATED)
       PIN :   U0_data_sync_2/U1/Q_reg/RN     1.50     7.12    -5.62 (VIOLATED)
       PIN :   U0_data_sync_2/sync_bus_reg[4]/RN     1.50     7.12    -5.62 (VIOLATED)
       PIN :   U0_data_sync_2/sync_bus_reg[3]/RN     1.50     7.12    -5.62 (VIOLATED)
       PIN :   U0_data_sync_2/sync_bus_reg[2]/RN     1.50     7.12    -5.62 (VIOLATED)
       PIN :   U0_data_sync_2/sync_bus_reg[1]/RN     1.50     7.12    -5.62 (VIOLATED)
       PIN :   U0_data_sync_2/sync_bus_reg[0]/RN     1.50     7.12    -5.62 (VIOLATED)
       PIN :   U0_data_sync_2/enable_pulse_reg/RN     1.50     7.12    -5.62 (VIOLATED)
       PIN :   U0_data_sync_2/sync_bus_reg[7]/RN     1.50     7.12    -5.62 (VIOLATED)
       PIN :   U0_data_sync_2/sync_bus_reg[6]/RN     1.50     7.12    -5.62 (VIOLATED)
       PIN :   U0_data_sync_2/sync_bus_reg[5]/RN     1.50     7.12    -5.62 (VIOLATED)
       PIN :   U0_ClkDiv/counter_reg[5]/RN     1.50     7.12    -5.62 (VIOLATED)
       PIN :   U0_ClkDiv/counter_reg[4]/RN     1.50     7.12    -5.62 (VIOLATED)
       PIN :   U0_ClkDiv/counter_reg[3]/RN     1.50     7.12    -5.62 (VIOLATED)
       PIN :   U0_ClkDiv/counter_reg[2]/RN     1.50     7.12    -5.62 (VIOLATED)
       PIN :   U0_ClkDiv/counter_reg[1]/RN     1.50     7.12    -5.62 (VIOLATED)
       PIN :   U0_ClkDiv/counter_reg[0]/RN     1.50     7.12    -5.62 (VIOLATED)
       PIN :   U0_ClkDiv/divided_clk_reg/RN     1.50     7.12    -5.62 (VIOLATED)
   muxed_uart_clk (dont_touch)     0.76        4.13          -3.37  (VIOLATED)
       PIN :   U1_mux2X1/U1/Y     1.50         4.13          -2.63  (VIOLATED)
       PIN :   U0_UART/U1_UART_Rx/U0_FSM/current_state_reg[1]/CK     0.76     4.13    -3.37 (VIOLATED)
       PIN :   U0_UART/U1_UART_Rx/U0_FSM/data_valid_reg/CK     0.76     4.13    -3.37 (VIOLATED)
       PIN :   U0_UART/U1_UART_Rx/U0_FSM/current_state_reg[2]/CK     0.76     4.13    -3.37 (VIOLATED)
       PIN :   U0_UART/U1_UART_Rx/U0_FSM/current_state_reg[0]/CK     0.76     4.13    -3.37 (VIOLATED)
       PIN :   U0_UART/U1_UART_Rx/U1_Sampler/sample2_reg/CK     0.76     4.13    -3.37 (VIOLATED)
       PIN :   U0_UART/U1_UART_Rx/U1_Sampler/sample1_reg/CK     0.76     4.13    -3.37 (VIOLATED)
       PIN :   U0_UART/U1_UART_Rx/U1_Sampler/sample3_reg/CK     0.76     4.13    -3.37 (VIOLATED)
       PIN :   U0_UART/U1_UART_Rx/U2_Deserializer/shift_reg_reg[6]/CK     0.76     4.13    -3.37 (VIOLATED)
       PIN :   U0_UART/U1_UART_Rx/U2_Deserializer/shift_reg_reg[5]/CK     0.76     4.13    -3.37 (VIOLATED)
       PIN :   U0_UART/U1_UART_Rx/U2_Deserializer/shift_reg_reg[4]/CK     0.76     4.13    -3.37 (VIOLATED)
       PIN :   U0_UART/U1_UART_Rx/U2_Deserializer/shift_reg_reg[3]/CK     0.76     4.13    -3.37 (VIOLATED)
       PIN :   U0_UART/U1_UART_Rx/U2_Deserializer/shift_reg_reg[2]/CK     0.76     4.13    -3.37 (VIOLATED)
       PIN :   U0_UART/U1_UART_Rx/U2_Deserializer/shift_reg_reg[1]/CK     0.76     4.13    -3.37 (VIOLATED)
       PIN :   U0_UART/U1_UART_Rx/U2_Deserializer/shift_reg_reg[0]/CK     0.76     4.13    -3.37 (VIOLATED)
       PIN :   U0_UART/U1_UART_Rx/U2_Deserializer/shift_reg_reg[7]/CK     0.76     4.13    -3.37 (VIOLATED)
       PIN :   U0_UART/U1_UART_Rx/U3_Counter/edge_counter_reg[5]/CK     0.76     4.13    -3.37 (VIOLATED)
       PIN :   U0_UART/U1_UART_Rx/U3_Counter/edge_counter_reg[4]/CK     0.76     4.13    -3.37 (VIOLATED)
       PIN :   U0_UART/U1_UART_Rx/U3_Counter/edge_counter_reg[3]/CK     0.76     4.13    -3.37 (VIOLATED)
       PIN :   U0_UART/U1_UART_Rx/U3_Counter/edge_counter_reg[2]/CK     0.76     4.13    -3.37 (VIOLATED)
       PIN :   U0_UART/U1_UART_Rx/U3_Counter/edge_counter_reg[1]/CK     0.76     4.13    -3.37 (VIOLATED)
       PIN :   U0_UART/U1_UART_Rx/U3_Counter/edge_counter_reg[0]/CK     0.76     4.13    -3.37 (VIOLATED)
       PIN :   U0_UART/U1_UART_Rx/U3_Counter/bit_counter_reg[3]/CK     0.76     4.13    -3.37 (VIOLATED)
       PIN :   U0_UART/U1_UART_Rx/U3_Counter/bit_counter_reg[1]/CK     0.76     4.13    -3.37 (VIOLATED)
       PIN :   U0_UART/U1_UART_Rx/U3_Counter/bit_counter_reg[0]/CK     0.76     4.13    -3.37 (VIOLATED)
       PIN :   U0_UART/U1_UART_Rx/U3_Counter/bit_counter_reg[2]/CK     0.76     4.13    -3.37 (VIOLATED)
       PIN :   U0_UART/U1_UART_Rx/U4_Parity/parity_error_reg/CK     0.76     4.13    -3.37 (VIOLATED)
       PIN :   U0_UART/U1_UART_Rx/U5_Start/glitch_reg/CK     0.76     4.13    -3.37 (VIOLATED)
       PIN :   U0_UART/U1_UART_Rx/U6_Stop/stop_error_reg/CK     0.76     4.13    -3.37 (VIOLATED)
       PIN :   U0_RST_SYNC_2/Q_reg[1]/CK     0.76     4.13    -3.37 (VIOLATED)
       PIN :   U0_RST_SYNC_2/Q_reg[0]/CK     0.76     4.13    -3.37 (VIOLATED)
       PIN :   U0_ClkDiv/counter_reg[5]/CK     0.76     4.13    -3.37 (VIOLATED)
       PIN :   U0_ClkDiv/counter_reg[4]/CK     0.76     4.13    -3.37 (VIOLATED)
       PIN :   U0_ClkDiv/counter_reg[3]/CK     0.76     4.13    -3.37 (VIOLATED)
       PIN :   U0_ClkDiv/counter_reg[2]/CK     0.76     4.13    -3.37 (VIOLATED)
       PIN :   U0_ClkDiv/counter_reg[1]/CK     0.76     4.13    -3.37 (VIOLATED)
       PIN :   U0_ClkDiv/counter_reg[0]/CK     0.76     4.13    -3.37 (VIOLATED)
       PIN :   U0_ClkDiv/divided_clk_reg/CK     0.76     4.13    -3.37 (VIOLATED)
       PIN :   U0_ClkDiv/U45/A     1.50        4.13          -2.63  (VIOLATED)
   muxed_uart_tx_clk (dont_touch)     0.76     3.27          -2.51  (VIOLATED)
       PIN :   U0_data_sync_2/U0/Q_reg[0][1]/CK     0.76     3.27    -2.51 (VIOLATED)
       PIN :   U0_data_sync_2/U0/Q_reg[0][0]/CK     0.76     3.27    -2.51 (VIOLATED)
       PIN :   U2_mux2X1/U1/Y     1.50         3.27          -1.77  (VIOLATED)
       PIN :   U0_UART/U0_UART_Tx/U0/busy_reg/CK     0.76     3.27    -2.51 (VIOLATED)
       PIN :   U0_UART/U0_UART_Tx/U0/current_state_reg[1]/CK     0.76     3.27    -2.51 (VIOLATED)
       PIN :   U0_UART/U0_UART_Tx/U0/current_state_reg[2]/CK     0.76     3.27    -2.51 (VIOLATED)
       PIN :   U0_UART/U0_UART_Tx/U0/current_state_reg[0]/CK     0.76     3.27    -2.51 (VIOLATED)
       PIN :   U0_UART/U0_UART_Tx/U1/shift_reg_reg[0]/CK     0.76     3.27    -2.51 (VIOLATED)
       PIN :   U0_UART/U0_UART_Tx/U1/shift_reg_reg[1]/CK     0.76     3.27    -2.51 (VIOLATED)
       PIN :   U0_UART/U0_UART_Tx/U1/shift_reg_reg[2]/CK     0.76     3.27    -2.51 (VIOLATED)
       PIN :   U0_UART/U0_UART_Tx/U1/shift_reg_reg[3]/CK     0.76     3.27    -2.51 (VIOLATED)
       PIN :   U0_UART/U0_UART_Tx/U1/shift_reg_reg[4]/CK     0.76     3.27    -2.51 (VIOLATED)
       PIN :   U0_UART/U0_UART_Tx/U1/done_reg/CK     0.76     3.27    -2.51 (VIOLATED)
       PIN :   U0_UART/U0_UART_Tx/U1/counter_reg[2]/CK     0.76     3.27    -2.51 (VIOLATED)
       PIN :   U0_UART/U0_UART_Tx/U1/counter_reg[1]/CK     0.76     3.27    -2.51 (VIOLATED)
       PIN :   U0_UART/U0_UART_Tx/U1/counter_reg[0]/CK     0.76     3.27    -2.51 (VIOLATED)
       PIN :   U0_UART/U0_UART_Tx/U1/shift_reg_reg[7]/CK     0.76     3.27    -2.51 (VIOLATED)
       PIN :   U0_UART/U0_UART_Tx/U1/shift_reg_reg[6]/CK     0.76     3.27    -2.51 (VIOLATED)
       PIN :   U0_UART/U0_UART_Tx/U1/shift_reg_reg[5]/CK     0.76     3.27    -2.51 (VIOLATED)
       PIN :   U0_UART/U0_UART_Tx/U2/parity_result_reg/CK     0.76     3.27    -2.51 (VIOLATED)
       PIN :   U0_UART/U0_UART_Tx/U3/out_reg/CK     0.76     3.27    -2.51 (VIOLATED)
       PIN :   U0_data_sync_2/U1/Q_reg/CK     0.76     3.27    -2.51 (VIOLATED)
       PIN :   U0_data_sync_2/sync_bus_reg[4]/CK     0.76     3.27    -2.51 (VIOLATED)
       PIN :   U0_data_sync_2/sync_bus_reg[3]/CK     0.76     3.27    -2.51 (VIOLATED)
       PIN :   U0_data_sync_2/sync_bus_reg[2]/CK     0.76     3.27    -2.51 (VIOLATED)
       PIN :   U0_data_sync_2/sync_bus_reg[1]/CK     0.76     3.27    -2.51 (VIOLATED)
       PIN :   U0_data_sync_2/sync_bus_reg[0]/CK     0.76     3.27    -2.51 (VIOLATED)
       PIN :   U0_data_sync_2/enable_pulse_reg/CK     0.76     3.27    -2.51 (VIOLATED)
       PIN :   U0_data_sync_2/sync_bus_reg[7]/CK     0.76     3.27    -2.51 (VIOLATED)
       PIN :   U0_data_sync_2/sync_bus_reg[6]/CK     0.76     3.27    -2.51 (VIOLATED)
       PIN :   U0_data_sync_2/sync_bus_reg[5]/CK     0.76     3.27    -2.51 (VIOLATED)

   -----------------------------------------------------------------
   Total                      5                 -48.66  

   max_capacitance

                             Required        Actual
   Net                      Capacitance    Capacitance       Slack
   -----------------------------------------------------------------
   muxed_rst1 (dont_touch)      0.55           6.22          -5.66  (VIOLATED)
   muxed_ref_clk (dont_touch)     0.55         5.68          -5.12  (VIOLATED)
   muxed_rst2 (dont_touch)      0.55           2.14          -1.59  (VIOLATED)
   muxed_uart_clk (dont_touch)     0.55        1.24          -0.69  (VIOLATED)
   muxed_uart_tx_clk (dont_touch)     0.55     0.98          -0.43  (VIOLATED)

   -----------------------------------------------------------------
   Total                      5                 -13.49  

1
