 
****************************************
Report : constraint
        -all_violators
Design : SYS_TOP
Version: K-2015.06
Date   : Sun Aug 21 23:23:03 2022
****************************************


   max_transition

                             Required        Actual
   Net                      Transition     Transition        Slack
   -----------------------------------------------------------------
   rst_sync_1_out (dont_touch)     1.50        3.15          -1.65  (VIOLATED)
       PIN :   U0_RST_SYNC_1/U4/Y     1.50     3.15          -1.65  (VIOLATED)
       PIN :   U0_data_sync_1/U1/Q_reg/RN     1.50     3.15    -1.65 (VIOLATED)
       PIN :   U0_data_sync_1/U0/Q_reg[0][1]/RN     1.50     3.15    -1.65 (VIOLATED)
       PIN :   U0_data_sync_1/U0/Q_reg[0][0]/RN     1.50     3.15    -1.65 (VIOLATED)
       PIN :   U0_SYS_CTRL/TX_D_VALID_reg/RN     1.50     3.15    -1.65 (VIOLATED)
       PIN :   U0_SYS_CTRL/write_address_reg[0]/RN     1.50     3.15    -1.65 (VIOLATED)
       PIN :   U0_SYS_CTRL/write_address_reg[2]/RN     1.50     3.15    -1.65 (VIOLATED)
       PIN :   U0_SYS_CTRL/write_address_reg[3]/RN     1.50     3.15    -1.65 (VIOLATED)
       PIN :   U0_SYS_CTRL/write_address_reg[1]/RN     1.50     3.15    -1.65 (VIOLATED)
       PIN :   U0_SYS_CTRL/current_state_2_reg[0]/RN     1.50     3.15    -1.65 (VIOLATED)
       PIN :   U0_SYS_CTRL/TX_P_DATA_reg[7]/RN     1.50     3.15    -1.65 (VIOLATED)
       PIN :   U0_SYS_CTRL/TX_P_DATA_reg[6]/RN     1.50     3.15    -1.65 (VIOLATED)
       PIN :   U0_SYS_CTRL/TX_P_DATA_reg[5]/RN     1.50     3.15    -1.65 (VIOLATED)
       PIN :   U0_SYS_CTRL/TX_P_DATA_reg[4]/RN     1.50     3.15    -1.65 (VIOLATED)
       PIN :   U0_SYS_CTRL/TX_P_DATA_reg[3]/RN     1.50     3.15    -1.65 (VIOLATED)
       PIN :   U0_SYS_CTRL/TX_P_DATA_reg[2]/RN     1.50     3.15    -1.65 (VIOLATED)
       PIN :   U0_SYS_CTRL/TX_P_DATA_reg[1]/RN     1.50     3.15    -1.65 (VIOLATED)
       PIN :   U0_SYS_CTRL/TX_P_DATA_reg[0]/RN     1.50     3.15    -1.65 (VIOLATED)
       PIN :   U0_SYS_CTRL/current_state_2_reg[1]/RN     1.50     3.15    -1.65 (VIOLATED)
       PIN :   U0_SYS_CTRL/current_state_2_reg[2]/RN     1.50     3.15    -1.65 (VIOLATED)
       PIN :   U0_SYS_CTRL/current_state_1_reg[2]/RN     1.50     3.15    -1.65 (VIOLATED)
       PIN :   U0_SYS_CTRL/current_state_1_reg[1]/RN     1.50     3.15    -1.65 (VIOLATED)
       PIN :   U0_SYS_CTRL/current_state_1_reg[0]/RN     1.50     3.15    -1.65 (VIOLATED)
       PIN :   U0_SYS_CTRL/isPreviousOperationALU_reg/RN     1.50     3.15    -1.65 (VIOLATED)
       PIN :   U0_Reg_File/registers_reg[1][0]/RN     1.50     3.15    -1.65 (VIOLATED)
       PIN :   U0_Reg_File/registers_reg[1][7]/RN     1.50     3.15    -1.65 (VIOLATED)
       PIN :   U0_Reg_File/registers_reg[1][6]/RN     1.50     3.15    -1.65 (VIOLATED)
       PIN :   U0_Reg_File/RdData_Valid_reg/RN     1.50     3.15    -1.65 (VIOLATED)
       PIN :   U0_Reg_File/registers_reg[6][7]/RN     1.50     3.15    -1.65 (VIOLATED)
       PIN :   U0_Reg_File/registers_reg[6][6]/RN     1.50     3.15    -1.65 (VIOLATED)
       PIN :   U0_Reg_File/registers_reg[6][5]/RN     1.50     3.15    -1.65 (VIOLATED)
       PIN :   U0_Reg_File/registers_reg[6][4]/RN     1.50     3.15    -1.65 (VIOLATED)
       PIN :   U0_Reg_File/registers_reg[6][3]/RN     1.50     3.15    -1.65 (VIOLATED)
       PIN :   U0_Reg_File/registers_reg[6][2]/RN     1.50     3.15    -1.65 (VIOLATED)
       PIN :   U0_Reg_File/registers_reg[6][1]/RN     1.50     3.15    -1.65 (VIOLATED)
       PIN :   U0_Reg_File/registers_reg[6][0]/RN     1.50     3.15    -1.65 (VIOLATED)
       PIN :   U0_Reg_File/registers_reg[4][7]/RN     1.50     3.15    -1.65 (VIOLATED)
       PIN :   U0_Reg_File/registers_reg[4][6]/RN     1.50     3.15    -1.65 (VIOLATED)
       PIN :   U0_Reg_File/registers_reg[4][5]/RN     1.50     3.15    -1.65 (VIOLATED)
       PIN :   U0_Reg_File/registers_reg[4][4]/RN     1.50     3.15    -1.65 (VIOLATED)
       PIN :   U0_Reg_File/registers_reg[4][3]/RN     1.50     3.15    -1.65 (VIOLATED)
       PIN :   U0_Reg_File/registers_reg[4][2]/RN     1.50     3.15    -1.65 (VIOLATED)
       PIN :   U0_Reg_File/registers_reg[4][1]/RN     1.50     3.15    -1.65 (VIOLATED)
       PIN :   U0_Reg_File/registers_reg[4][0]/RN     1.50     3.15    -1.65 (VIOLATED)
       PIN :   U0_Reg_File/registers_reg[7][7]/RN     1.50     3.15    -1.65 (VIOLATED)
       PIN :   U0_Reg_File/registers_reg[7][6]/RN     1.50     3.15    -1.65 (VIOLATED)
       PIN :   U0_Reg_File/registers_reg[7][5]/RN     1.50     3.15    -1.65 (VIOLATED)
       PIN :   U0_Reg_File/registers_reg[7][4]/RN     1.50     3.15    -1.65 (VIOLATED)
       PIN :   U0_Reg_File/registers_reg[7][3]/RN     1.50     3.15    -1.65 (VIOLATED)
       PIN :   U0_Reg_File/registers_reg[7][2]/RN     1.50     3.15    -1.65 (VIOLATED)
       PIN :   U0_Reg_File/registers_reg[7][1]/RN     1.50     3.15    -1.65 (VIOLATED)
       PIN :   U0_Reg_File/registers_reg[7][0]/RN     1.50     3.15    -1.65 (VIOLATED)
       PIN :   U0_Reg_File/registers_reg[5][7]/RN     1.50     3.15    -1.65 (VIOLATED)
       PIN :   U0_Reg_File/registers_reg[5][6]/RN     1.50     3.15    -1.65 (VIOLATED)
       PIN :   U0_Reg_File/registers_reg[5][5]/RN     1.50     3.15    -1.65 (VIOLATED)
       PIN :   U0_Reg_File/registers_reg[5][4]/RN     1.50     3.15    -1.65 (VIOLATED)
       PIN :   U0_Reg_File/registers_reg[5][3]/RN     1.50     3.15    -1.65 (VIOLATED)
       PIN :   U0_Reg_File/registers_reg[5][2]/RN     1.50     3.15    -1.65 (VIOLATED)
       PIN :   U0_Reg_File/registers_reg[5][1]/RN     1.50     3.15    -1.65 (VIOLATED)
       PIN :   U0_Reg_File/registers_reg[5][0]/RN     1.50     3.15    -1.65 (VIOLATED)
       PIN :   U0_Reg_File/registers_reg[3][6]/RN     1.50     3.15    -1.65 (VIOLATED)
       PIN :   U0_Reg_File/registers_reg[3][0]/RN     1.50     3.15    -1.65 (VIOLATED)
       PIN :   U0_Reg_File/registers_reg[0][6]/RN     1.50     3.15    -1.65 (VIOLATED)
       PIN :   U0_Reg_File/registers_reg[0][5]/RN     1.50     3.15    -1.65 (VIOLATED)
       PIN :   U0_Reg_File/registers_reg[0][4]/RN     1.50     3.15    -1.65 (VIOLATED)
       PIN :   U0_Reg_File/registers_reg[0][2]/RN     1.50     3.15    -1.65 (VIOLATED)
       PIN :   U0_Reg_File/registers_reg[0][1]/RN     1.50     3.15    -1.65 (VIOLATED)
       PIN :   U0_Reg_File/registers_reg[0][3]/RN     1.50     3.15    -1.65 (VIOLATED)
       PIN :   U0_Reg_File/registers_reg[0][0]/RN     1.50     3.15    -1.65 (VIOLATED)
       PIN :   U0_Reg_File/registers_reg[1][5]/RN     1.50     3.15    -1.65 (VIOLATED)
       PIN :   U0_Reg_File/registers_reg[1][2]/RN     1.50     3.15    -1.65 (VIOLATED)
       PIN :   U0_Reg_File/registers_reg[2][6]/RN     1.50     3.15    -1.65 (VIOLATED)
       PIN :   U0_Reg_File/registers_reg[2][4]/RN     1.50     3.15    -1.65 (VIOLATED)
       PIN :   U0_Reg_File/registers_reg[2][3]/RN     1.50     3.15    -1.65 (VIOLATED)
       PIN :   U0_Reg_File/registers_reg[2][2]/RN     1.50     3.15    -1.65 (VIOLATED)
       PIN :   U0_Reg_File/registers_reg[2][1]/RN     1.50     3.15    -1.65 (VIOLATED)
       PIN :   U0_Reg_File/registers_reg[2][0]/RN     1.50     3.15    -1.65 (VIOLATED)
       PIN :   U0_Reg_File/registers_reg[3][5]/RN     1.50     3.15    -1.65 (VIOLATED)
       PIN :   U0_Reg_File/registers_reg[3][4]/RN     1.50     3.15    -1.65 (VIOLATED)
       PIN :   U0_Reg_File/registers_reg[3][2]/RN     1.50     3.15    -1.65 (VIOLATED)
       PIN :   U0_Reg_File/registers_reg[3][1]/RN     1.50     3.15    -1.65 (VIOLATED)
       PIN :   U0_Reg_File/registers_reg[1][1]/RN     1.50     3.15    -1.65 (VIOLATED)
       PIN :   U0_Reg_File/registers_reg[2][7]/RN     1.50     3.15    -1.65 (VIOLATED)
       PIN :   U0_Reg_File/registers_reg[1][4]/RN     1.50     3.15    -1.65 (VIOLATED)
       PIN :   U0_Reg_File/registers_reg[1][3]/RN     1.50     3.15    -1.65 (VIOLATED)
       PIN :   U0_Reg_File/registers_reg[3][3]/SN     1.50     3.15    -1.65 (VIOLATED)
       PIN :   U0_Reg_File/registers_reg[2][5]/SN     1.50     3.15    -1.65 (VIOLATED)
       PIN :   U0_Reg_File/registers_reg[0][7]/RN     1.50     3.15    -1.65 (VIOLATED)
       PIN :   U0_Reg_File/RdData_reg[0]/RN     1.50     3.15    -1.65 (VIOLATED)
       PIN :   U0_Reg_File/RdData_reg[1]/RN     1.50     3.15    -1.65 (VIOLATED)
       PIN :   U0_Reg_File/RdData_reg[2]/RN     1.50     3.15    -1.65 (VIOLATED)
       PIN :   U0_Reg_File/RdData_reg[3]/RN     1.50     3.15    -1.65 (VIOLATED)
       PIN :   U0_Reg_File/RdData_reg[4]/RN     1.50     3.15    -1.65 (VIOLATED)
       PIN :   U0_Reg_File/RdData_reg[5]/RN     1.50     3.15    -1.65 (VIOLATED)
       PIN :   U0_Reg_File/RdData_reg[6]/RN     1.50     3.15    -1.65 (VIOLATED)
       PIN :   U0_Reg_File/RdData_reg[7]/RN     1.50     3.15    -1.65 (VIOLATED)
       PIN :   U0_Reg_File/registers_reg[8][0]/RN     1.50     3.15    -1.65 (VIOLATED)
       PIN :   U0_Reg_File/registers_reg[8][1]/RN     1.50     3.15    -1.65 (VIOLATED)
       PIN :   U0_Reg_File/registers_reg[8][2]/RN     1.50     3.15    -1.65 (VIOLATED)
       PIN :   U0_Reg_File/registers_reg[8][3]/RN     1.50     3.15    -1.65 (VIOLATED)
       PIN :   U0_Reg_File/registers_reg[8][4]/RN     1.50     3.15    -1.65 (VIOLATED)
       PIN :   U0_Reg_File/registers_reg[8][5]/RN     1.50     3.15    -1.65 (VIOLATED)
       PIN :   U0_Reg_File/registers_reg[8][6]/RN     1.50     3.15    -1.65 (VIOLATED)
       PIN :   U0_Reg_File/registers_reg[8][7]/RN     1.50     3.15    -1.65 (VIOLATED)
       PIN :   U0_Reg_File/registers_reg[12][0]/RN     1.50     3.15    -1.65 (VIOLATED)
       PIN :   U0_Reg_File/registers_reg[12][1]/RN     1.50     3.15    -1.65 (VIOLATED)
       PIN :   U0_Reg_File/registers_reg[12][2]/RN     1.50     3.15    -1.65 (VIOLATED)
       PIN :   U0_Reg_File/registers_reg[12][3]/RN     1.50     3.15    -1.65 (VIOLATED)
       PIN :   U0_Reg_File/registers_reg[12][4]/RN     1.50     3.15    -1.65 (VIOLATED)
       PIN :   U0_Reg_File/registers_reg[12][5]/RN     1.50     3.15    -1.65 (VIOLATED)
       PIN :   U0_Reg_File/registers_reg[12][6]/RN     1.50     3.15    -1.65 (VIOLATED)
       PIN :   U0_Reg_File/registers_reg[12][7]/RN     1.50     3.15    -1.65 (VIOLATED)
       PIN :   U0_Reg_File/registers_reg[10][0]/RN     1.50     3.15    -1.65 (VIOLATED)
       PIN :   U0_Reg_File/registers_reg[10][1]/RN     1.50     3.15    -1.65 (VIOLATED)
       PIN :   U0_Reg_File/registers_reg[10][2]/RN     1.50     3.15    -1.65 (VIOLATED)
       PIN :   U0_Reg_File/registers_reg[10][3]/RN     1.50     3.15    -1.65 (VIOLATED)
       PIN :   U0_Reg_File/registers_reg[10][4]/RN     1.50     3.15    -1.65 (VIOLATED)
       PIN :   U0_Reg_File/registers_reg[10][5]/RN     1.50     3.15    -1.65 (VIOLATED)
       PIN :   U0_Reg_File/registers_reg[10][6]/RN     1.50     3.15    -1.65 (VIOLATED)
       PIN :   U0_Reg_File/registers_reg[10][7]/RN     1.50     3.15    -1.65 (VIOLATED)
       PIN :   U0_Reg_File/registers_reg[14][0]/RN     1.50     3.15    -1.65 (VIOLATED)
       PIN :   U0_Reg_File/registers_reg[14][1]/RN     1.50     3.15    -1.65 (VIOLATED)
       PIN :   U0_Reg_File/registers_reg[14][2]/RN     1.50     3.15    -1.65 (VIOLATED)
       PIN :   U0_Reg_File/registers_reg[14][3]/RN     1.50     3.15    -1.65 (VIOLATED)
       PIN :   U0_Reg_File/registers_reg[14][4]/RN     1.50     3.15    -1.65 (VIOLATED)
       PIN :   U0_Reg_File/registers_reg[14][5]/RN     1.50     3.15    -1.65 (VIOLATED)
       PIN :   U0_Reg_File/registers_reg[14][6]/RN     1.50     3.15    -1.65 (VIOLATED)
       PIN :   U0_Reg_File/registers_reg[14][7]/RN     1.50     3.15    -1.65 (VIOLATED)
       PIN :   U0_Reg_File/registers_reg[3][7]/RN     1.50     3.15    -1.65 (VIOLATED)
       PIN :   U0_Reg_File/registers_reg[11][0]/RN     1.50     3.15    -1.65 (VIOLATED)
       PIN :   U0_Reg_File/registers_reg[11][1]/RN     1.50     3.15    -1.65 (VIOLATED)
       PIN :   U0_Reg_File/registers_reg[11][2]/RN     1.50     3.15    -1.65 (VIOLATED)
       PIN :   U0_Reg_File/registers_reg[11][3]/RN     1.50     3.15    -1.65 (VIOLATED)
       PIN :   U0_Reg_File/registers_reg[11][4]/RN     1.50     3.15    -1.65 (VIOLATED)
       PIN :   U0_Reg_File/registers_reg[11][5]/RN     1.50     3.15    -1.65 (VIOLATED)
       PIN :   U0_Reg_File/registers_reg[11][6]/RN     1.50     3.15    -1.65 (VIOLATED)
       PIN :   U0_Reg_File/registers_reg[11][7]/RN     1.50     3.15    -1.65 (VIOLATED)
       PIN :   U0_Reg_File/registers_reg[15][0]/RN     1.50     3.15    -1.65 (VIOLATED)
       PIN :   U0_Reg_File/registers_reg[15][1]/RN     1.50     3.15    -1.65 (VIOLATED)
       PIN :   U0_Reg_File/registers_reg[15][2]/RN     1.50     3.15    -1.65 (VIOLATED)
       PIN :   U0_Reg_File/registers_reg[15][3]/RN     1.50     3.15    -1.65 (VIOLATED)
       PIN :   U0_Reg_File/registers_reg[15][4]/RN     1.50     3.15    -1.65 (VIOLATED)
       PIN :   U0_Reg_File/registers_reg[15][5]/RN     1.50     3.15    -1.65 (VIOLATED)
       PIN :   U0_Reg_File/registers_reg[15][6]/RN     1.50     3.15    -1.65 (VIOLATED)
       PIN :   U0_Reg_File/registers_reg[15][7]/RN     1.50     3.15    -1.65 (VIOLATED)
       PIN :   U0_Reg_File/registers_reg[9][0]/RN     1.50     3.15    -1.65 (VIOLATED)
       PIN :   U0_Reg_File/registers_reg[9][1]/RN     1.50     3.15    -1.65 (VIOLATED)
       PIN :   U0_Reg_File/registers_reg[9][2]/RN     1.50     3.15    -1.65 (VIOLATED)
       PIN :   U0_Reg_File/registers_reg[9][3]/RN     1.50     3.15    -1.65 (VIOLATED)
       PIN :   U0_Reg_File/registers_reg[9][4]/RN     1.50     3.15    -1.65 (VIOLATED)
       PIN :   U0_Reg_File/registers_reg[9][5]/RN     1.50     3.15    -1.65 (VIOLATED)
       PIN :   U0_Reg_File/registers_reg[9][6]/RN     1.50     3.15    -1.65 (VIOLATED)
       PIN :   U0_Reg_File/registers_reg[9][7]/RN     1.50     3.15    -1.65 (VIOLATED)
       PIN :   U0_Reg_File/registers_reg[13][0]/RN     1.50     3.15    -1.65 (VIOLATED)
       PIN :   U0_Reg_File/registers_reg[13][1]/RN     1.50     3.15    -1.65 (VIOLATED)
       PIN :   U0_Reg_File/registers_reg[13][2]/RN     1.50     3.15    -1.65 (VIOLATED)
       PIN :   U0_Reg_File/registers_reg[13][3]/RN     1.50     3.15    -1.65 (VIOLATED)
       PIN :   U0_Reg_File/registers_reg[13][4]/RN     1.50     3.15    -1.65 (VIOLATED)
       PIN :   U0_Reg_File/registers_reg[13][5]/RN     1.50     3.15    -1.65 (VIOLATED)
       PIN :   U0_Reg_File/registers_reg[13][6]/RN     1.50     3.15    -1.65 (VIOLATED)
       PIN :   U0_Reg_File/registers_reg[13][7]/RN     1.50     3.15    -1.65 (VIOLATED)
       PIN :   U0_ALU/result_reg[0]/RN     1.50     3.15     -1.65  (VIOLATED)
       PIN :   U0_ALU/result_reg[15]/RN     1.50     3.15    -1.65  (VIOLATED)
       PIN :   U0_ALU/result_reg[1]/RN     1.50     3.15     -1.65  (VIOLATED)
       PIN :   U0_ALU/result_reg[14]/RN     1.50     3.15    -1.65  (VIOLATED)
       PIN :   U0_ALU/result_reg[13]/RN     1.50     3.15    -1.65  (VIOLATED)
       PIN :   U0_ALU/result_reg[12]/RN     1.50     3.15    -1.65  (VIOLATED)
       PIN :   U0_ALU/result_reg[2]/RN     1.50     3.15     -1.65  (VIOLATED)
       PIN :   U0_ALU/result_reg[11]/RN     1.50     3.15    -1.65  (VIOLATED)
       PIN :   U0_ALU/result_reg[10]/RN     1.50     3.15    -1.65  (VIOLATED)
       PIN :   U0_ALU/result_reg[8]/RN     1.50     3.15     -1.65  (VIOLATED)
       PIN :   U0_ALU/result_reg[9]/RN     1.50     3.15     -1.65  (VIOLATED)
       PIN :   U0_ALU/result_reg[7]/RN     1.50     3.15     -1.65  (VIOLATED)
       PIN :   U0_ALU/result_reg[6]/RN     1.50     3.15     -1.65  (VIOLATED)
       PIN :   U0_ALU/result_reg[4]/RN     1.50     3.15     -1.65  (VIOLATED)
       PIN :   U0_ALU/result_reg[5]/RN     1.50     3.15     -1.65  (VIOLATED)
       PIN :   U0_ALU/result_reg[3]/RN     1.50     3.15     -1.65  (VIOLATED)
       PIN :   U0_ALU/valid_reg/RN     1.50     3.15         -1.65  (VIOLATED)
       PIN :   U0_bit_synchronizer/Q_reg[0][1]/RN     1.50     3.15    -1.65 (VIOLATED)
       PIN :   U0_bit_synchronizer/Q_reg[0][0]/RN     1.50     3.15    -1.65 (VIOLATED)
       PIN :   U0_data_sync_1/enable_pulse_reg/RN     1.50     3.15    -1.65 (VIOLATED)
       PIN :   U0_data_sync_1/sync_bus_reg[7]/RN     1.50     3.15    -1.65 (VIOLATED)
       PIN :   U0_data_sync_1/sync_bus_reg[3]/RN     1.50     3.15    -1.65 (VIOLATED)
       PIN :   U0_data_sync_1/sync_bus_reg[0]/RN     1.50     3.15    -1.65 (VIOLATED)
       PIN :   U0_data_sync_1/sync_bus_reg[6]/RN     1.50     3.15    -1.65 (VIOLATED)
       PIN :   U0_data_sync_1/sync_bus_reg[5]/RN     1.50     3.15    -1.65 (VIOLATED)
       PIN :   U0_data_sync_1/sync_bus_reg[4]/RN     1.50     3.15    -1.65 (VIOLATED)
       PIN :   U0_data_sync_1/sync_bus_reg[2]/RN     1.50     3.15    -1.65 (VIOLATED)
       PIN :   U0_data_sync_1/sync_bus_reg[1]/RN     1.50     3.15    -1.65 (VIOLATED)

   -----------------------------------------------------------------
   Total                      1                  -1.65  

   max_capacitance

                             Required        Actual
   Net                      Capacitance    Capacitance       Slack
   -----------------------------------------------------------------
   rst_sync_1_out (dont_touch)     3.69        6.18          -2.49  (VIOLATED)

   -----------------------------------------------------------------
   Total                      1                  -2.49  

1
